// Jest Snapshot v1, https://goo.gl/fbAQLP

exports[`Selected polygon feature can be rotated 1`] = `
Object {
  "geometry": Object {
    "coordinates": Array [
      Array [
        Array [
          0.5272280648573542,
          0.8431285896095478,
        ],
        Array [
          -1.437857681943001,
          0.47152591660008025,
        ],
        Array [
          -1.0663539798351849,
          -1.4936478169257912,
        ],
        Array [
          0.8989219206248436,
          -1.1220394838939336,
        ],
        Array [
          0.5272280648573542,
          0.8431285896095478,
        ],
      ],
      Array [
        Array [
          0.12886514525962411,
          0.2589380256236096,
        ],
        Array [
          0.3146948902101485,
          -0.7236467186215011,
        ],
        Array [
          -0.6679218708436565,
          -0.9094572530721381,
        ],
        Array [
          -0.8537040799629949,
          0.07312890620550877,
        ],
        Array [
          0.12886514525962411,
          0.2589380256236096,
        ],
      ],
    ],
    "type": "Polygon",
  },
  "properties": Object {},
  "type": "Feature",
}
`;
