// Jest Snapshot v1, https://goo.gl/fbAQLP

exports[`Selected polygon feature can be scaled 1`] = `
Object {
  "geometry": Object {
    "coordinates": Array [
      Array [
        Array [
          -0.5809507320924467,
          -0.5809702731526293,
        ],
        Array [
          1,
          -0.5809702731526291,
        ],
        Array [
          1,
          1,
        ],
        Array [
          -0.5809702731526158,
          1,
        ],
        Array [
          -0.5809507320924467,
          -0.5809702731526293,
        ],
      ],
      Array [
        Array [
          -0.1857336510214509,
          -0.18572770486447193,
        ],
        Array [
          -0.18574097865473504,
          0.6047574317118429,
        ],
        Array [
          0.6047530071150504,
          0.6047574317118425,
        ],
        Array [
          0.6047554496594785,
          -0.18572770486447193,
        ],
        Array [
          -0.1857336510214509,
          -0.18572770486447193,
        ],
      ],
    ],
    "type": "Polygon",
  },
  "properties": Object {},
  "type": "Feature",
}
`;
